=== A1: pola angka desimal di R/*.R (Select-String fallback; rg tidak tersedia) ===

R\06_descriptives.R:42:       lty = 1, lwd = 1.6, cex = 0.62, ncol = 2, bty = "n")



=== A2: operasi baca/tulis di R/*.R ===

R\01_clean_data.R:6:lines <- readLines(raw_path, encoding = "UTF-8", warn = FALSE)
R\01_clean_data.R:44:  f <- scan(text = ln, what = "", sep = ",", quote = "\"",
R\01_clean_data.R:77:write.csv(df, out_path, row.names = FALSE, fileEncoding = "UTF-8")
R\02_reality_check.R:2:df <- read.csv("data/lampung_panel_clean.csv")
R\02_reality_check.R:30:pdf("output/fase2_ikp_lag.pdf", width = 6, height = 6)
R\03_model_selection.R:4:df <- read.csv("data/lampung_panel_clean.csv")
R\04_main_estimation.R:8:df <- read.csv("data/lampung_panel_clean.csv")
R\05_robustness.R:8:df <- read.csv("data/lampung_panel_clean.csv")
R\06_descriptives.R:2:df <- read.csv("data/lampung_panel_clean.csv")
R\06_descriptives.R:28:pdf("output/fase1_tren_ikp.pdf", width = 8, height = 5)



=== Hash file data + OUTPUT ===

Hash                                                             Path                                     
----                                                             ----                                     
AD69F257005795E69FE56006F32E913E8231777A6CB66BCB40782CDD7EEA0EB5 C:\Akbar\PSD\Data Fix - DATA.csv         
BECC5801FACC6EE6F04A5D1906646A71EAA9E0C45C3CB45C22E6FEBB506A8431 C:\Akbar\PSD\data\lampung_panel_clean.csv




Hash                                                             Path                                  
----                                                             ----                                  
930B2C65CE246F5A8CEECAF6D645F155ED5A39C7EF864554D2E1911709271727 C:\Akbar\PSD\output\audit_step0.log   
88343BAD9FDCC25EEC8F40A278008CE29A468AD1547924CDDA7251D549952191 C:\Akbar\PSD\output\fase1_tren_ikp.pdf
558FAE3C45C9F6C78FB74F007309822C4735BD94EAE320E736DE69661C29F242 C:\Akbar\PSD\output\fase2_ikp_lag.pdf 



=== sessionInfo() ===
R version 4.5.2 (2025-10-31 ucrt)
Platform: x86_64-w64-mingw32/x64
Running under: Windows 11 x64 (build 26200)

Matrix products: default
  LAPACK version 3.12.1

locale:
[1] LC_COLLATE=English_Indonesia.utf8  LC_CTYPE=English_Indonesia.utf8   
[3] LC_MONETARY=English_Indonesia.utf8 LC_NUMERIC=C                      
[5] LC_TIME=English_Indonesia.utf8    

time zone: Asia/Jakarta
tzcode source: internal

attached base packages:
[1] stats     graphics  grDevices utils     datasets  methods   base     

loaded via a namespace (and not attached):
[1] compiler_4.5.2

=== sessionInfo() DENGAN package dimuat ===
Warning messages:
1: package 'plm' was built under R version 4.5.3 
2: package 'sandwich' was built under R version 4.5.3 
3: package 'lmtest' was built under R version 4.5.3 
4: package 'zoo' was built under R version 4.5.3 
R version 4.5.2 (2025-10-31 ucrt)
Platform: x86_64-w64-mingw32/x64
Running under: Windows 11 x64 (build 26200)

Matrix products: default
  LAPACK version 3.12.1

locale:
[1] LC_COLLATE=English_Indonesia.utf8  LC_CTYPE=English_Indonesia.utf8   
[3] LC_MONETARY=English_Indonesia.utf8 LC_NUMERIC=C                      
[5] LC_TIME=English_Indonesia.utf8    

time zone: Asia/Jakarta
tzcode source: internal

attached base packages:
[1] stats     graphics  grDevices utils     datasets  methods   base     

other attached packages:
[1] lmtest_0.9-40  zoo_1.8-15     sandwich_3.1-3 plm_2.6-7     

loaded via a namespace (and not attached):
 [1] digest_0.6.38    Formula_1.2-6    collapse_2.1.8   lattice_0.22-7  
 [5] parallel_4.5.2   generics_0.1.4   Rdpack_2.6.6     grid_4.5.2      
 [9] compiler_4.5.2   rbibutils_2.4.1  tools_4.5.2      nlme_3.1-168    
[13] bdsmatrix_1.3-7  Rcpp_1.1.1-1.1   MASS_7.3-65      maxLik_1.5-2.2  
[17] miscTools_0.6-30

--- packageVersion ---
plm 2.6.7 
sandwich 3.1.3 
lmtest 0.9.40 

=== A1b: SEMUA match desimal (tanpa filter) ===
06_descriptives.R:42: lty = 1, lwd = 1.6, cex = 0.62, ncol = 2, bty = "n")
Total match tanpa filter: 1

=== A1b: baris yang DIKELUARKAN oleh filter (alpha|conf|level|base|width|height|size|seed|rep) ===
TIDAK ADA baris yang dikeluarkan filter.
Total dikeluarkan: 0

=== A1c: semua file skrip & file terkait di seluruh repo ===
C:\Akbar\PSD\R\01_clean_data.R
C:\Akbar\PSD\R\02_reality_check.R
C:\Akbar\PSD\R\03_model_selection.R
C:\Akbar\PSD\R\04_main_estimation.R
C:\Akbar\PSD\R\05_robustness.R
C:\Akbar\PSD\R\06_descriptives.R
--- cek .Rhistory / .RData / .Rproj ---
--- SELESAI A1c ---
=== Hash data mentah & olahan (SHA256 + MD5) ===

Hash                                                             Path                                     
----                                                             ----                                     
AD69F257005795E69FE56006F32E913E8231777A6CB66BCB40782CDD7EEA0EB5 C:\Akbar\PSD\Data Fix - DATA.csv         
BECC5801FACC6EE6F04A5D1906646A71EAA9E0C45C3CB45C22E6FEBB506A8431 C:\Akbar\PSD\data\lampung_panel_clean.csv




Hash                             Path                                     
----                             ----                                     
09D8A3714B44944ABD3F48F46721E7CB C:\Akbar\PSD\Data Fix - DATA.csv         
1DCF8AD2A0793DC36080687F34428264 C:\Akbar\PSD\data\lampung_panel_clean.csv



